🏭 DatabaseFactory: Inicializando provedor 'postgres'...

🔄 [Bootstrap] Iniciando conexão com banco de dados...

🔍 [PostgresProvider] Iniciando conexão com PostgreSQL...
🔍 [PostgresProvider] Construindo string de conexão...
✅ [PostgresProvider] String de conexão construída
🔍 [PostgresProvider] Tentando conectar em: postgresql://postgres:****@localhost:5432/fintechbank
🔍 [PostgresProvider] Testando conexão...
✅ [PostgresProvider] Conectado ao PostgreSQL com sucesso!
✅ [PostgresProvider] Database atual: fintechbank

✅ [Bootstrap] Conexão com banco de dados estabelecida!

ℹ️  Usando PostgreSQL. Verificando estrutura das tabelas...
🔵 [PostgresProvider] Executando Query: 
                SELECT column_name 
                FROM information_schema.columns 
                WHERE table_schema = 'fintech' 
                AND table_name = 'products' 
                AND column_name IN ('category', 'cashback')
            
🔵 [PostgresProvider] Query executada com sucesso. Retornou 2 linha(s)
🔍 Verificando e atualizando valores padrão de signup...
🔵 [PostgresProvider] Executando Query: 
                SELECT column_name 
                FROM information_schema.columns 
                WHERE table_schema = 'fintech' 
                AND table_name = 'users' 
                AND column_name IN ('credit_card_total_limit', 'credit_card_available_limit', 'credit_card_points_balance', 'credit_card_is_blocked')
            
🔵 [PostgresProvider] Query executada com sucesso. Retornou 4 linha(s)
🔧 Atualizando DEFAULT de pix_daily_limit para 2000.00...
🔵 [PostgresProvider] Executando Query: 
                ALTER TABLE "fintech"."users"
                ALTER COLUMN pix_daily_limit SET DEFAULT 2000.00
            
🔵 [PostgresProvider] Query executada com sucesso. Retornou 0 linha(s)
🔧 Atualizando DEFAULT de credit_card_total_limit para 5000.00...
🔵 [PostgresProvider] Executando Query: 
                ALTER TABLE "fintech"."users"
                ALTER COLUMN credit_card_total_limit SET DEFAULT 5000.00
            
🔵 [PostgresProvider] Query executada com sucesso. Retornou 0 linha(s)
🔧 Atualizando DEFAULT de credit_card_available_limit para 5000.00...
🔵 [PostgresProvider] Executando Query: 
                ALTER TABLE "fintech"."users"
                ALTER COLUMN credit_card_available_limit SET DEFAULT 5000.00
            
🔵 [PostgresProvider] Query executada com sucesso. Retornou 0 linha(s)
🔧 Atualizando usuários existentes sem limites de crédito...
🔵 [PostgresProvider] Executando Query: 
                UPDATE "fintech"."users"
                SET 
                    credit_card_total_limit = COALESCE(credit_card_total_limit, 5000.00),
                    credit_card_available_limit = COALESCE(credit_card_available_limit, 5000.00),
                    credit_card_points_balance = COALESCE(credit_card_points_balance, 0),
                    credit_card_is_blocked = COALESCE(credit_card_is_blocked, FALSE)
                WHERE credit_card_total_limit IS NULL 
                   OR credit_card_available_limit IS NULL
            
🔵 [PostgresProvider] Query executada com sucesso. Retornou 0 linha(s)
🔧 Backfill de credit_card_invoice_due_date para usuários sem vencimento...
🔵 [PostgresProvider] Executando Query: 
                UPDATE "fintech"."users"
                SET
                    credit_card_due_day = COALESCE(credit_card_due_day, 10),
                    credit_card_invoice_due_date = date_trunc('month', CURRENT_DATE) + interval '1 month' + interval '9 days' + interval '12 hours'
                WHERE credit_card_invoice_due_date IS NULL
            
🔵 [PostgresProvider] Query executada com sucesso. Retornou 0 linha(s)
✅ Valores padrão de signup atualizados com sucesso!
🔵 [PostgresProvider] Executando Query: 
                SELECT column_name 
                FROM information_schema.columns 
                WHERE table_schema = 'fintech' 
                AND table_name = 'limit_increase_requests' 
                AND column_name = 'requested_at'
            
🔵 [PostgresProvider] Query executada com sucesso. Retornou 1 linha(s)
🔵 [PostgresProvider] Executando Query: 
                    SELECT column_name 
                    FROM information_schema.columns 
                    WHERE table_schema = 'fintech' 
                    AND table_name = 'installment_plans' 
                    AND column_name = 'original_amount'
                
🔵 [PostgresProvider] Query executada com sucesso. Retornou 1 linha(s)
✅ Coluna original_amount já existe na tabela installment_plans.
🔵 [PostgresProvider] Executando Query: 
                    SELECT column_name 
                    FROM information_schema.columns 
                    WHERE table_schema = 'fintech' 
                    AND table_name = 'installment_plans' 
                    AND column_name = 'total_with_interest'
                
🔵 [PostgresProvider] Query executada com sucesso. Retornou 1 linha(s)
✅ Coluna total_with_interest já existe na tabela installment_plans.
🔵 [PostgresProvider] Executando Query: 
                SELECT column_name FROM information_schema.columns
                WHERE table_schema = 'fintech' AND table_name = 'invoices'
                AND column_name IN ('saldo_anterior','valor_iof','valor_juros_remuneratorios','valor_juros_mora','itemized_transactions')
            
🔵 [PostgresProvider] Query executada com sucesso. Retornou 5 linha(s)
💡 Certifique-se de ter executado schema_pg.sql no seu banco Postgres.
🔄 Verificando/recriando usuário administrador...
🔵 [PostgresProvider] Executando Query: DELETE FROM "fintech"."users" WHERE cpf = '99999999999' OR email = 'admin@fintechbank.com'
🔵 [PostgresProvider] Query executada com sucesso. Retornou 0 linha(s)
Criando usuário administrador padrão...
🔵 [PostgresProvider] Executando Query: 
        INSERT INTO "fintech"."users" (id, cpf, full_name, email, password_hash, balance, role, is_blocked, login_attempts, pix_daily_limit, password_reset_requested, created_at, updated_at)
        VALUES ('e6e2256f-46be-4e89-983f-6cf034bc62f0', '99999999999', 'Admin User', 'admin@fintechbank.com', '$2b$10$GR3YeGOVM/zWmYCUWurDyuvVMZZ5C.XjSuZy1aExFIn1jwmSYpqYC', 100000, 'admin', false, 0, 100000.00, false, '2026-07-27T22:12:14.605Z', '2026-07-27T22:12:14.605Z')
    
🔵 [PostgresProvider] Query executada com sucesso. Retornou 0 linha(s)
✅ Usuário Admin criado. CPF: 99999999999, Senha: admin999
🔵 [PostgresProvider] Executando Query: SELECT cpf, email, role FROM "fintech"."users" WHERE cpf = '99999999999'
🔵 [PostgresProvider] Query executada com sucesso. Retornou 1 linha(s)
🔍 Admin criado: { cpf: '99999999999', email: 'admin@fintechbank.com', role: 'admin' }
🔵 [PostgresProvider] Executando Query: SELECT id, image_url, category, cashback FROM "fintech"."products"
🔵 [PostgresProvider] Query executada com sucesso. Retornou 22 linha(s)
🔵 [PostgresProvider] Executando Query: SELECT COUNT(1) AS c FROM "fintech"."products"
🔵 [PostgresProvider] Query executada com sucesso. Retornou 1 linha(s)
✅ Seeds aplicados com sucesso.
🔵 [PostgresProvider] Executando Query: 
            SELECT COUNT(*) as total FROM "fintech"."transactions"
            WHERE (description LIKE '[TEST]%' OR description LIKE '[MOCK]%')
            AND type = 'INVOICE_INSTALLMENT'
        
🔵 [PostgresProvider] Query executada com sucesso. Retornou 1 linha(s)
